// Jest Snapshot v1, https://goo.gl/fbAQLP

exports[`Pruebas en componente <Admin/> debe mostrar el componente renderizado correctamente 1`] = `
<div
  className="container-fluid row"
>
  <div
    className="d-flex justify-content-end"
  >
    <a
      className="col-2"
      href="#/"
      onClick={[Function]}
    >
      Atras
    </a>
  </div>
  <div
    className="col-sm-7 col-md-3 col-lg-3"
  >
    <h4
      className="mb-4"
    >
      Lista de usuarios
    </h4>
    <div
      className="mb-3"
    >
      <div>
        <div
          className="spinner-border text-primary d-flex justify-content-center"
          role="status"
        >
          <span
            className="visually-hidden "
          >
            Loading...
          </span>
        </div>
      </div>
      <div
        className="d-flex justify-content-center"
      />
    </div>
  </div>
  <div
    className="col-sm-12 col-md-9 col-lg-9"
  >
    <h4
      className="mb-4"
    >
      Peliculas
    </h4>
    <div>
      <div>
        <div
          className="d-flex justify-content-center"
        >
          <div
            className="spinner-border text-primary d-flex justify-content-center"
            role="status"
          >
            <span
              className="visually-hidden "
            >
              Loading...
            </span>
          </div>
        </div>
      </div>
    </div>
  </div>
</div>
`;
