// Jest Snapshot v1, https://goo.gl/fbAQLP

exports[`Pruebas en componente <DeleteUser />  Mostrar componente correctamente  1`] = `
<div
  className="mt-2"
>
  <Button
    active={false}
    disabled={false}
    onClick={[Function]}
    variant="primary"
  >
    Eliminar Usuario/s
  </Button>
  <Modal
    animation={true}
    autoFocus={true}
    backdrop="static"
    dialogAs={
      Object {
        "$$typeof": Symbol(react.forward_ref),
        "render": [Function],
      }
    }
    enforceFocus={true}
    keyboard={false}
    onHide={[Function]}
    restoreFocus={true}
    show={false}
  >
    <ModalHeader
      closeButton={true}
      closeLabel="Close"
    >
      <ModalTitle>
        ¡Atencion!
      </ModalTitle>
    </ModalHeader>
    <ModalBody>
      ¿Está seguro de querer eliminar los usuarios seleccionados?
    </ModalBody>
    <ModalFooter>
      <Button
        active={false}
        className="button"
        disabled={false}
        onClick={[Function]}
        variant="secondary btn-secondary"
      >
        Volver
      </Button>
      <Button
        active={false}
        disabled={false}
        onClick={[Function]}
        variant="danger"
      >
        Eliminar
      </Button>
    </ModalFooter>
  </Modal>
</div>
`;
