// Jest Snapshot v1, https://goo.gl/fbAQLP

exports[`Pruebas en componente <MovieCard /> Mostrar correctamente el componente  1`] = `
<div
  className="mb-3"
>
  <div
    className="d-flex justify-content-center"
  >
    <Card
      body={false}
      className="row g-0 "
    >
      <div
        className="col-md-4"
      >
        <CardImg
          src="https://image.tmdb.org/t/p/w30012345"
          variant={null}
        />
      </div>
      <div
        className="col-md-8"
      >
        <CardBody>
          <CardTitle>
            MovieTest
          </CardTitle>
          <CardText>
            <b>
              Voto Promedio:
            </b>
             
            50
          </CardText>
          <CardText>
            <b>
              Fecha de estreno:
            </b>
             
            2020
          </CardText>
        </CardBody>
        <Button
          active={false}
          disabled={false}
          onClick={[Function]}
          variant="primary"
        >
          Agregar Pelicula
        </Button>
      </div>
    </Card>
  </div>
</div>
`;
