// Jest Snapshot v1, https://goo.gl/fbAQLP

exports[`Pruebas en <useMercadoPago /> debe de mostrarse correctamente 1`] = `<useMercadoPago />`;
