// Jest Snapshot v1, https://goo.gl/fbAQLP

exports[`Tests en componente BuscadorPelicula.js Debe mostrarse correctamente 1`] = `
<div
  className="row mt-4"
>
  <div
    className="d-flex justify-content-end"
  >
    <h4
      style={
        Object {
          "color": "white",
        }
      }
    >
      Bienvenido 
      !
    </h4>
    <button
      className="nav-item nav-link btn white-text"
      onClick={[Function]}
    >
      Cerrar Sesión
    </button>
  </div>
  <div
    className="col mb-3"
  >
    <form
      className="mb-4"
      onSubmit={[Function]}
    >
      <input
        onChange={[Function]}
        placeholder="Busque por titulo"
        type="text"
      />
      <button
        className="btn-primary"
      >
        Buscar
      </button>
    </form>
    <div
      id="IdDropdown"
    >
      <div
        className="dropdown"
      >
        <button
          aria-expanded={false}
          aria-haspopup={true}
          className="dropdown-toggle btn btn-primary"
          disabled={false}
          id="dropdown-basic"
          onClick={[Function]}
          type="button"
        >
          Localidades
        </button>
        <div>
          <ul
            className="list-group list-group-flush"
          />
        </div>
      </div>
    </div>
  </div>
  <div
    className="col"
  />
</div>
`;

exports[`Tests en componente ResultadoPelicula.js Debe mostrarse correctamente 1`] = `
<div
  className="row mt-4"
>
  <div
    className="d-flex justify-content-end"
  >
    <h4
      style={
        Object {
          "color": "white",
        }
      }
    >
      Bienvenido 
      !
    </h4>
    <button
      className="nav-item nav-link btn white-text"
      onClick={[Function]}
    >
      Cerrar Sesión
    </button>
  </div>
  <div
    className="col mb-3"
  >
    <form
      className="mb-4"
      onSubmit={[Function]}
    >
      <input
        onChange={[Function]}
        placeholder="Busque por titulo"
        type="text"
      />
      <button
        className="btn-primary"
      >
        Buscar
      </button>
    </form>
    <div
      id="IdDropdown"
    >
      <div
        className="dropdown"
      >
        <button
          aria-expanded={false}
          aria-haspopup={true}
          className="dropdown-toggle btn btn-primary"
          disabled={false}
          id="dropdown-basic"
          onClick={[Function]}
          type="button"
        >
          Localidades
        </button>
        <div>
          <ul
            className="list-group list-group-flush"
          />
        </div>
      </div>
    </div>
  </div>
  <div
    className="col"
  />
</div>
`;
