// Jest Snapshot v1, https://goo.gl/fbAQLP

exports[`Pruebas en <Butacas /> Debe de mostrar <Butacas /> correctamente 1`] = `
<div
  className="row"
>
  <div
    className="d-flex justify-content-end"
  >
    <a
      className="col-2 align-items-center"
      href="#/buscarPelicula"
      onClick={[Function]}
    >
      Atras
    </a>
    <button
      className="nav-item nav-link btn white-text"
      onClick={[Function]}
    >
      Cerrar Sesi√≥n
    </button>
  </div>
  <div
    className="col"
  />
  <div
    className="col"
  >
    <ul
      className="showcase"
    >
      <li>
        <div
          className="seat"
        />
        <small>
          Disponible
        </small>
      </li>
      <li>
        <div
          className="seat selected"
        />
        <small>
          Seleccionado
        </small>
      </li>
      <li>
        <div
          className="seat occupied"
        />
        <small>
          Ocupado
        </small>
      </li>
    </ul>
    <div
      className="container "
    >
      <div
        className="screen"
      />
      <div
        className="row"
      >
        <div
          className="row"
          key="0"
          value="1"
        >
          <div
            className="seat"
            disabled={true}
            key="0"
            onClick={[Function]}
            style={null}
            unselectable="true"
            value="A"
          />
          <div
            className="seat"
            disabled={true}
            key="1"
            onClick={[Function]}
            style={null}
            unselectable="true"
            value="B"
          />
          <div
            className="seat"
            disabled={true}
            key="2"
            onClick={[Function]}
            style={null}
            unselectable="true"
            value="C"
          />
          <div
            className="seat"
            disabled={true}
            key="3"
            onClick={[Function]}
            style={null}
            unselectable="true"
            value="D"
          />
          <div
            className="seat"
            disabled={true}
            key="4"
            onClick={[Function]}
            style={null}
            unselectable="true"
            value="E"
          />
          <div
            className="seat"
            disabled={true}
            key="5"
            onClick={[Function]}
            style={null}
            unselectable="true"
            value="F"
          />
          <div
            className="seat"
            disabled={true}
            key="6"
            onClick={[Function]}
            style={null}
            unselectable="true"
            value="G"
          />
          <div
            className="seat"
            disabled={true}
            key="7"
            onClick={[Function]}
            style={null}
            unselectable="true"
            value="H"
          />
          <div
            className="seat"
            disabled={true}
            key="8"
            onClick={[Function]}
            style={null}
            unselectable="true"
            value="I"
          />
          <div
            className="seat"
            disabled={true}
            key="9"
            onClick={[Function]}
            style={null}
            unselectable="true"
            value="J"
          />
          <div
            className="seat"
            disabled={true}
            key="10"
            onClick={[Function]}
            style={null}
            unselectable="true"
            value="K"
          />
        </div>
        <div
          className="row"
          key="1"
          value="2"
        >
          <div
            className="seat"
            disabled={true}
            key="0"
            onClick={[Function]}
            style={null}
            unselectable="true"
            value="A"
          />
          <div
            className="seat"
            disabled={true}
            key="1"
            onClick={[Function]}
            style={null}
            unselectable="true"
            value="B"
          />
          <div
            className="seat"
            disabled={true}
            key="2"
            onClick={[Function]}
            style={null}
            unselectable="true"
            value="C"
          />
          <div
            className="seat"
            disabled={true}
            key="3"
            onClick={[Function]}
            style={null}
            unselectable="true"
            value="D"
          />
          <div
            className="seat"
            disabled={true}
            key="4"
            onClick={[Function]}
            style={null}
            unselectable="true"
            value="E"
          />
          <div
            className="seat"
            disabled={true}
            key="5"
            onClick={[Function]}
            style={null}
            unselectable="true"
            value="F"
          />
          <div
            className="seat"
            disabled={true}
            key="6"
            onClick={[Function]}
            style={null}
            unselectable="true"
            value="G"
          />
          <div
            className="seat"
            disabled={true}
            key="7"
            onClick={[Function]}
            style={null}
            unselectable="true"
            value="H"
          />
          <div
            className="seat"
            disabled={true}
            key="8"
            onClick={[Function]}
            style={null}
            unselectable="true"
            value="I"
          />
          <div
            className="seat"
            disabled={true}
            key="9"
            onClick={[Function]}
            style={null}
            unselectable="true"
            value="J"
          />
          <div
            className="seat"
            disabled={true}
            key="10"
            onClick={[Function]}
            style={null}
            unselectable="true"
            value="K"
          />
        </div>
        <div
          className="row"
          key="2"
          value="3"
        >
          <div
            className="seat"
            disabled={true}
            key="0"
            onClick={[Function]}
            style={null}
            unselectable="true"
            value="A"
          />
          <div
            className="seat"
            disabled={true}
            key="1"
            onClick={[Function]}
            style={null}
            unselectable="true"
            value="B"
          />
          <div
            className="seat"
            disabled={true}
            key="2"
            onClick={[Function]}
            style={null}
            unselectable="true"
            value="C"
          />
          <div
            className="seat"
            disabled={true}
            key="3"
            onClick={[Function]}
            style={null}
            unselectable="true"
            value="D"
          />
          <div
            className="seat"
            disabled={true}
            key="4"
            onClick={[Function]}
            style={null}
            unselectable="true"
            value="E"
          />
          <div
            className="seat"
            disabled={true}
            key="5"
            onClick={[Function]}
            style={null}
            unselectable="true"
            value="F"
          />
          <div
            className="seat"
            disabled={true}
            key="6"
            onClick={[Function]}
            style={null}
            unselectable="true"
            value="G"
          />
          <div
            className="seat"
            disabled={true}
            key="7"
            onClick={[Function]}
            style={null}
            unselectable="true"
            value="H"
          />
          <div
            className="seat"
            disabled={true}
            key="8"
            onClick={[Function]}
            style={null}
            unselectable="true"
            value="I"
          />
          <div
            className="seat"
            disabled={true}
            key="9"
            onClick={[Function]}
            style={null}
            unselectable="true"
            value="J"
          />
          <div
            className="seat"
            disabled={true}
            key="10"
            onClick={[Function]}
            style={null}
            unselectable="true"
            value="K"
          />
        </div>
        <div
          className="row"
          key="3"
          value="4"
        >
          <div
            className="seat"
            disabled={true}
            key="0"
            onClick={[Function]}
            style={null}
            unselectable="true"
            value="A"
          />
          <div
            className="seat"
            disabled={true}
            key="1"
            onClick={[Function]}
            style={null}
            unselectable="true"
            value="B"
          />
          <div
            className="seat"
            disabled={true}
            key="2"
            onClick={[Function]}
            style={null}
            unselectable="true"
            value="C"
          />
          <div
            className="seat"
            disabled={true}
            key="3"
            onClick={[Function]}
            style={null}
            unselectable="true"
            value="D"
          />
          <div
            className="seat"
            disabled={true}
            key="4"
            onClick={[Function]}
            style={null}
            unselectable="true"
            value="E"
          />
          <div
            className="seat"
            disabled={true}
            key="5"
            onClick={[Function]}
            style={null}
            unselectable="true"
            value="F"
          />
          <div
            className="seat"
            disabled={true}
            key="6"
            onClick={[Function]}
            style={null}
            unselectable="true"
            value="G"
          />
          <div
            className="seat"
            disabled={true}
            key="7"
            onClick={[Function]}
            style={null}
            unselectable="true"
            value="H"
          />
          <div
            className="seat"
            disabled={true}
            key="8"
            onClick={[Function]}
            style={null}
            unselectable="true"
            value="I"
          />
          <div
            className="seat"
            disabled={true}
            key="9"
            onClick={[Function]}
            style={null}
            unselectable="true"
            value="J"
          />
          <div
            className="seat"
            disabled={true}
            key="10"
            onClick={[Function]}
            style={null}
            unselectable="true"
            value="K"
          />
        </div>
        <div
          className="row"
          key="4"
          value="5"
        >
          <div
            className="seat"
            disabled={true}
            key="0"
            onClick={[Function]}
            style={null}
            unselectable="true"
            value="A"
          />
          <div
            className="seat"
            disabled={true}
            key="1"
            onClick={[Function]}
            style={null}
            unselectable="true"
            value="B"
          />
          <div
            className="seat"
            disabled={true}
            key="2"
            onClick={[Function]}
            style={null}
            unselectable="true"
            value="C"
          />
          <div
            className="seat"
            disabled={true}
            key="3"
            onClick={[Function]}
            style={null}
            unselectable="true"
            value="D"
          />
          <div
            className="seat"
            disabled={true}
            key="4"
            onClick={[Function]}
            style={null}
            unselectable="true"
            value="E"
          />
          <div
            className="seat"
            disabled={true}
            key="5"
            onClick={[Function]}
            style={null}
            unselectable="true"
            value="F"
          />
          <div
            className="seat"
            disabled={true}
            key="6"
            onClick={[Function]}
            style={null}
            unselectable="true"
            value="G"
          />
          <div
            className="seat"
            disabled={true}
            key="7"
            onClick={[Function]}
            style={null}
            unselectable="true"
            value="H"
          />
          <div
            className="seat"
            disabled={true}
            key="8"
            onClick={[Function]}
            style={null}
            unselectable="true"
            value="I"
          />
          <div
            className="seat"
            disabled={true}
            key="9"
            onClick={[Function]}
            style={null}
            unselectable="true"
            value="J"
          />
          <div
            className="seat"
            disabled={true}
            key="10"
            onClick={[Function]}
            style={null}
            unselectable="true"
            value="K"
          />
        </div>
        <div
          className="row"
          key="5"
          value="6"
        >
          <div
            className="seat"
            disabled={true}
            key="0"
            onClick={[Function]}
            style={null}
            unselectable="true"
            value="A"
          />
          <div
            className="seat"
            disabled={true}
            key="1"
            onClick={[Function]}
            style={null}
            unselectable="true"
            value="B"
          />
          <div
            className="seat"
            disabled={true}
            key="2"
            onClick={[Function]}
            style={null}
            unselectable="true"
            value="C"
          />
          <div
            className="seat"
            disabled={true}
            key="3"
            onClick={[Function]}
            style={null}
            unselectable="true"
            value="D"
          />
          <div
            className="seat"
            disabled={true}
            key="4"
            onClick={[Function]}
            style={null}
            unselectable="true"
            value="E"
          />
          <div
            className="seat"
            disabled={true}
            key="5"
            onClick={[Function]}
            style={null}
            unselectable="true"
            value="F"
          />
          <div
            className="seat"
            disabled={true}
            key="6"
            onClick={[Function]}
            style={null}
            unselectable="true"
            value="G"
          />
          <div
            className="seat"
            disabled={true}
            key="7"
            onClick={[Function]}
            style={null}
            unselectable="true"
            value="H"
          />
          <div
            className="seat"
            disabled={true}
            key="8"
            onClick={[Function]}
            style={null}
            unselectable="true"
            value="I"
          />
          <div
            className="seat"
            disabled={true}
            key="9"
            onClick={[Function]}
            style={null}
            unselectable="true"
            value="J"
          />
          <div
            className="seat"
            disabled={true}
            key="10"
            onClick={[Function]}
            style={null}
            unselectable="true"
            value="K"
          />
        </div>
        <div
          className="row"
          key="6"
          value="7"
        >
          <div
            className="seat"
            disabled={true}
            key="0"
            onClick={[Function]}
            style={null}
            unselectable="true"
            value="A"
          />
          <div
            className="seat"
            disabled={true}
            key="1"
            onClick={[Function]}
            style={null}
            unselectable="true"
            value="B"
          />
          <div
            className="seat"
            disabled={true}
            key="2"
            onClick={[Function]}
            style={null}
            unselectable="true"
            value="C"
          />
          <div
            className="seat"
            disabled={true}
            key="3"
            onClick={[Function]}
            style={null}
            unselectable="true"
            value="D"
          />
          <div
            className="seat"
            disabled={true}
            key="4"
            onClick={[Function]}
            style={null}
            unselectable="true"
            value="E"
          />
          <div
            className="seat"
            disabled={true}
            key="5"
            onClick={[Function]}
            style={null}
            unselectable="true"
            value="F"
          />
          <div
            className="seat"
            disabled={true}
            key="6"
            onClick={[Function]}
            style={null}
            unselectable="true"
            value="G"
          />
          <div
            className="seat"
            disabled={true}
            key="7"
            onClick={[Function]}
            style={null}
            unselectable="true"
            value="H"
          />
          <div
            className="seat"
            disabled={true}
            key="8"
            onClick={[Function]}
            style={null}
            unselectable="true"
            value="I"
          />
          <div
            className="seat"
            disabled={true}
            key="9"
            onClick={[Function]}
            style={null}
            unselectable="true"
            value="J"
          />
          <div
            className="seat"
            disabled={true}
            key="10"
            onClick={[Function]}
            style={null}
            unselectable="true"
            value="K"
          />
        </div>
      </div>
      <button
        className="btn btn-primary"
        onClick={[Function]}
      >
        Confirmar
      </button>
    </div>
    <p
      className="text"
    >
      You have selected 
      <span
        id="count"
      >
        0
      </span>
       seats for the price of $
      <span
        id="total"
      >
        0
      </span>
      !
    </p>
  </div>
</div>
`;
