// Jest Snapshot v1, https://goo.gl/fbAQLP

exports[`Pruebas en <Premiere /> debe de mostrarse correctamente 1`] = `
<div
  className="mb-3"
  id="premiere"
>
  <h1>
    Pr√≥ximos Estrenos
  </h1>
</div>
`;
