// Jest Snapshot v1, https://goo.gl/fbAQLP

exports[`Pruebas en componente <ResultadoPeliculas /> Debe de mostrar <ResultadoPeliculas /> correctamente 1`] = `
<div
  className="row"
>
  <div>
    <div
      className="d-flex"
    >
      <div
        key="0"
      >
        <div
          className="d-flex justify-content-center mb-2"
        >
          <img
            alt="Titanic"
            className="d-block w-75"
            onDoubleClick={[Function]}
            style={
              Object {
                "cursor": "pointer",
              }
            }
          />
        </div>
        <div>
          <h2
            className="text-white"
          >
            23
          </h2>
          Array [
            <button
              className="btn btn-primary"
              disabled={false}
              onClick={[Function]}
              type="button"
            >
              Trailer
            </button>,
            "",
          ]
        </div>
      </div>
    </div>
    <div
      className="mt-2"
    >
      <button
        className="btn btn-primary"
        disabled={false}
        onClick={[Function]}
        type="button"
      />
    </div>
  </div>
</div>
`;
