// Jest Snapshot v1, https://goo.gl/fbAQLP

exports[`Pruebas en componente <Trailer /> Mostrar correctamente el componente <Trailer />  1`] = `
<Fragment>
  <Button
    active={false}
    disabled={false}
    onClick={[Function]}
    variant="primary"
  >
    Trailer
  </Button>
  <Modal
    animation={true}
    autoFocus={true}
    backdrop="static"
    dialogAs={
      Object {
        "$$typeof": Symbol(react.forward_ref),
        "render": [Function],
      }
    }
    enforceFocus={true}
    keyboard={false}
    onHide={[Function]}
    restoreFocus={true}
    show={false}
  >
    <ModalHeader
      closeButton={true}
      closeLabel="Close"
    >
      <ModalTitle />
    </ModalHeader>
    <ModalBody
      className="embed-responsive embed-responsive-16by9"
    >
      <iframe
        allow="accelerometer; autoplay; clipboard-write; encrypted-media; gyroscope; picture-in-picture"
        allowFullScreen={true}
        frameBorder="0"
        height="215"
        title="YouTube video player"
        width="460"
      />
    </ModalBody>
    <ModalFooter>
      <Button
        active={false}
        disabled={false}
        onClick={[Function]}
        variant="secondary"
      >
        Cerrar
      </Button>
    </ModalFooter>
  </Modal>
</Fragment>
`;
